[2026-01-14T19:18:47.924Z] config: BASE_URL=http://localhost:8000 PAGE_PATH=/starsector.html CAPTURE_MS=60000 url=http://localhost:8000/starsector.html expected_origin=http://localhost:8000
[2026-01-14T19:18:48.259Z] framenavigated: http://localhost:8000/starsector.html
[2026-01-14T19:18:48.274Z] console.log: Console logging active and mapped to overlay. @ http://localhost:8000/starsector.html:39:23
[2026-01-14T19:18:48.281Z] console.log: [Polyfill] Monotonic performance.now() installed globally. @ http://localhost:8000/starsector.html:39:23
[2026-01-14T19:18:48.281Z] console.log: [Polyfill] Monotonic Date.now() installed globally. @ http://localhost:8000/starsector.html:39:23
[2026-01-14T19:18:48.281Z] console.log: [CheerpJ WASM] shim active true true true @ http://localhost:8000/starsector.html:39:23
[2026-01-14T19:18:48.281Z] console.log: [CheerpJ SharedWorker] shim active @ http://localhost:8000/starsector.html:39:23
[2026-01-14T19:18:48.281Z] console.log: [CheerpJ Worker] shim active @ http://localhost:8000/starsector.html:39:23
[2026-01-14T19:18:48.513Z] console.log: CheerpJ: Loaded dummy javajpeg.js @ http://localhost:8000/starsector.html:39:23
[2026-01-14T19:18:48.514Z] console.log: [Setup] HEAD Script Start @ http://localhost:8000/starsector.html:39:23
[2026-01-14T19:18:48.584Z] console.error: !!! LWJGL SCRIPT RUNNING !!! @ http://localhost:8000/starsector.html:47:25
[2026-01-14T19:18:48.585Z] console.log: LWJGL Native JS Module Loading... VERIFIED RELOAD 1768418328582 @ http://localhost:8000/starsector.html:39:23
[2026-01-14T19:18:48.585Z] console.log: [LWJGL] Registered natives count = 160 @ http://localhost:8000/starsector.html:39:23
[2026-01-14T19:18:48.585Z] console.log: [Setup] SUCCESS: CheerpJ_LWJGL_Natives found in HEAD. [Java_com_sun_imageio_plugins_jpeg_JPEGImageReader_initReaderIDs, Java_com_sun_imageio_plugins_jpeg_JPEGImageReader_initJPEGImageReader, Java_com_sun_imageio_plugins_jpeg_JPEGImageReader_disposeReader, Java_com_sun_imageio_plugins_jpeg_JPEGImageReader_resetReader, Java_com_sun_imageio_plugins_jpeg_JPEGImageReader_abortReader, Java_com_sun_imageio_plugins_jpeg_JPEGImageReader_readImage, Java_com_sun_imageio_plugins_jpeg_JPEGImageReader_checkJPEGHeader, Java_org_lwjgl_DefaultSysImplementation_getPointerSize, Java_org_lwjgl_opengl_LinuxEvent_createEventBuffer, Java_org_lwjgl_DefaultSysImplementation_getJNIVersion, Java_org_lwjgl_DefaultSysImplementation_setDebug, Java_org_lwjgl_DefaultSysImplementation_getTimerResolution, Java_org_lwjgl_DefaultSysImplementation_getTime, Java_org_lwjgl_LinuxSysImplementation_nGetTime, Java_org_lwjgl_LinuxSysImplementation_getTimerResolution, Java_org_lwjgl_opengl_LinuxSysImplementation_nGetTime, Java_java_lang_System_currentTimeMillis, Java_java_lang_System_nanoTime, Java_org_lwjgl_opengl_LinuxDisplay_nLockAWT, Java_org_lwjgl_opengl_LinuxDisplay_nUnlockAWT, Java_org_lwjgl_opengl_LinuxDisplay_setErrorHandler, Java_org_lwjgl_opengl_LinuxDisplay_nSetClassHint, Java_org_lwjgl_opengl_LinuxDisplay_openDisplay, Java_org_lwjgl_opengl_LinuxDisplay_nInternAtom, Java_org_lwjgl_opengl_LinuxDisplay_nIsXrandrSupported, Java_org_lwjgl_opengl_LinuxDisplay_nIsXF86VidModeSupported, Java_org_lwjgl_opengl_LinuxDisplay_nGetDefaultScreen, Java_org_lwjgl_opengl_LinuxDisplay_nGetAvailableDisplayModes, Java_org_lwjgl_opengl_Display_getAvailableDisplayModes, Java_org_lwjgl_opengl_Display_update, Java_org_lwjgl_opengl_Display_getWidth, Java_org_lwjgl_opengl_Display_getHeight, Java_org_lwjgl_opengl_LinuxDisplay_nGetCurrentGammaRamp, Java_org_lwjgl_opengl_LinuxPeerInfo_createHandle, Java_org_lwjgl_opengl_GLContext_nLoadOpenGLLibrary, Java_org_lwjgl_opengl_LinuxDisplayPeerInfo_initDefaultPeerInfo, Java_org_lwjgl_opengl_LinuxDisplayPeerInfo_initDrawable, Java_org_lwjgl_opengl_AWTSurfaceLock_createHandle, Java_org_lwjgl_opengl_AWTSurfaceLock_lockAndInitHandle, Java_org_lwjgl_opengl_LinuxAWTGLCanvasPeerInfo_getScreenFromSurfaceInfo, Java_org_lwjgl_opengl_LinuxAWTGLCanvasPeerInfo_nInitHandle, Java_org_lwjgl_opengl_AWTSurfaceLock_nUnlock, Java_org_lwjgl_opengl_LinuxPeerInfo_nGetDrawable, Java_org_lwjgl_opengl_LinuxDisplay_nCreateWindow, Java_org_lwjgl_opengl_LinuxDisplay_mapRaised, Java_org_lwjgl_opengl_LinuxDisplay_nCreateBlankCursor, Java_org_lwjgl_opengl_LinuxDisplay_nSetTitle, Java_org_lwjgl_opengl_LinuxMouse_nGetButtonCount, Java_org_lwjgl_opengl_LinuxMouse_nQueryPointer, Java_org_lwjgl_opengl_LinuxMouse_nGetWindowHeight, Java_org_lwjgl_opengl_LinuxKeyboard_getModifierMapping, Java_org_lwjgl_opengl_LinuxKeyboard_nSetDetectableKeyRepeat, Java_org_lwjgl_opengl_LinuxKeyboard_openIM, Java_org_lwjgl_opengl_LinuxKeyboard_allocateComposeStatus, Java_org_lwjgl_opengl_LinuxContextImplementation_nCreate, Java_org_lwjgl_opengl_LinuxContextImplementation_nMakeCurrent, Java_org_lwjgl_opengl_LinuxContextImplementation_nIsCurrent, Java_org_lwjgl_opengl_GLContext_ngetFunctionAddress, Java_org_lwjgl_opengl_GL11_nglGetString, Java_org_lwjgl_opengl_GL11_nglGetIntegerv, Java_org_lwjgl_opengl_GL11_nglGetError, Java_org_lwjgl_opengl_LinuxContextImplementation_nSetSwapInterval, Java_org_lwjgl_opengl_GL11_nglClearColor, Java_org_lwjgl_opengl_GL11_nglClear, Java_org_lwjgl_opengl_LinuxContextImplementation_nSwapBuffers, Java_org_lwjgl_opengl_LinuxEvent_getPending, Java_org_lwjgl_opengl_GL11_nglMatrixMode, Java_org_lwjgl_opengl_GL11_nglLoadIdentity, Java_org_lwjgl_opengl_GL11_nglOrtho, Java_org_lwjgl_opengl_GL11_nglTranslatef, Java_org_lwjgl_opengl_GL11_nglViewport, Java_org_lwjgl_opengl_GL11_nglDisable, Java_org_lwjgl_opengl_GL11_nglEnable, Java_org_lwjgl_opengl_GL11_nglGenTextures, Java_org_lwjgl_opengl_GL11_nglBindTexture, Java_org_lwjgl_opengl_GL11_nglTexParameteri, Java_org_lwjgl_opengl_GL11_nglTexImage2D, Java_org_lwjgl_opengl_GL11_nglTexCoordPointer, Java_org_lwjgl_opengl_GL11_nglEnableClientState, Java_org_lwjgl_opengl_GL11_nglColorPointer, Java_org_lwjgl_opengl_GL11_nglVertexPointer, Java_org_lwjgl_opengl_GL11_nglDrawArrays, Java_org_lwjgl_opengl_GL11_nglDisableClientState, Java_org_lwjgl_opengl_GL11_nglColor4f, Java_org_lwjgl_opengl_GL11_nglColor4ub, Java_org_lwjgl_opengl_GL11_nglAlphaFunc, Java_org_lwjgl_opengl_GL11_nglGenLists, Java_org_lwjgl_opengl_GL11_nglNewList, Java_org_lwjgl_opengl_GL11_nglEndList, Java_org_lwjgl_opengl_GL11_nglColor3f, Java_org_lwjgl_opengl_LinuxDisplay_nGetNativeCursorCapabilities, Java_org_lwjgl_opengl_GL11_nglShadeModel, Java_org_lwjgl_opengl_GL11_nglClearDepth, Java_org_lwjgl_opengl_GL11_nglDepthFunc, Java_org_lwjgl_opengl_GL11_nglCullFace, Java_org_lwjgl_opengl_GL11_nglPushAttrib, Java_org_lwjgl_opengl_GL11_nglPopAttrib, Java_org_lwjgl_opengl_GL11_nglPushMatrix, Java_org_lwjgl_opengl_GL11_nglPopMatrix, Java_org_lwjgl_opengl_GL11_nglMultMatrixf] @ http://localhost:8000/starsector.html:39:23
[2026-01-14T19:18:49.201Z] console.log: Auth system initialized @ http://localhost:8000/starsector.html:39:23
[2026-01-14T19:18:49.821Z] response: 404 http://localhost:8000/cjrtnc.leaningtech.com/4.2/cj3.js
[2026-01-14T19:18:49.821Z] console.error: Failed to load resource: the server responded with a status of 404 (Not Found) @ http://localhost:8000/cjrtnc.leaningtech.com/4.2/cj3.js:0:0
[2026-01-14T19:18:49.821Z] requestfailed: GET http://localhost:8000/cjrtnc.leaningtech.com/4.2/cj3.js net::ERR_ABORTED
[2026-01-14T19:18:49.821Z] page: after_goto url=http://localhost:8000/starsector.html origin=http://localhost:8000
[2026-01-14T19:18:49.829Z] page: location.href=http://localhost:8000/starsector.html origin=http://localhost:8000 baseURI=http://localhost:8000/starsector.html
[2026-01-14T19:18:50.034Z] console.log: LWJGL canvas created: JSHandle@node @ http://localhost:8000/starsector.html:39:23
[2026-01-14T19:18:50.035Z] console.log: === API PROBE START === @ http://localhost:8000/starsector.html:39:23
[2026-01-14T19:18:50.035Z] console.log: === API PROBE FINISHED === @ http://localhost:8000/starsector.html:39:23
[2026-01-14T19:18:50.346Z] response: 404 http://localhost:8000/Starsector/starsector-core/starfarer_obf_v2.jar
[2026-01-14T19:18:50.346Z] console.error: Failed to load resource: the server responded with a status of 404 (File not found) @ http://localhost:8000/Starsector/starsector-core/starfarer_obf_v2.jar:0:0
[2026-01-14T19:18:50.347Z] console.log: [API PROBE] Range /Starsector/starsector-core/starfarer_obf_v2.jar -> 404 content-range=null accept-ranges=bytes content-length=335 content-type=text/html;charset=utf-8 @ http://localhost:8000/starsector.html:39:23
[2026-01-14T19:18:50.657Z] console.log: [API PROBE] Range /cheerpj-natives/natives/lwjgl.js?v=debug52 -> 206 content-range=bytes 0-15/41233 accept-ranges=bytes content-length=16 content-type=application/javascript @ http://localhost:8000/starsector.html:39:23
[2026-01-14T19:18:50.967Z] console.log: [API PROBE] Range /cheerpj-natives/lwjgl-fixed.jar -> 206 content-range=bytes 0-15/1062228 accept-ranges=bytes content-length=16 content-type=application/java-archive @ http://localhost:8000/starsector.html:39:23
[2026-01-14T19:18:51.278Z] response: 404 http://localhost:8000/Starsector/starsector-core/lwjgl.jar
[2026-01-14T19:18:51.279Z] console.error: Failed to load resource: the server responded with a status of 404 (File not found) @ http://localhost:8000/Starsector/starsector-core/lwjgl.jar:0:0
[2026-01-14T19:18:51.279Z] console.log: [API PROBE] Range /Starsector/starsector-core/lwjgl.jar -> 404 content-range=null accept-ranges=bytes content-length=335 content-type=text/html;charset=utf-8 @ http://localhost:8000/starsector.html:39:23
[2026-01-14T19:18:51.588Z] response: 404 http://localhost:8000/Starsector/starsector-core/log4j-1.2.9.jar
[2026-01-14T19:18:51.588Z] console.error: Failed to load resource: the server responded with a status of 404 (File not found) @ http://localhost:8000/Starsector/starsector-core/log4j-1.2.9.jar:0:0
[2026-01-14T19:18:51.588Z] console.log: [API PROBE] Range /Starsector/starsector-core/log4j-1.2.9.jar -> 404 content-range=null accept-ranges=bytes content-length=335 content-type=text/html;charset=utf-8 @ http://localhost:8000/starsector.html:39:23
[2026-01-14T19:18:51.679Z] console.log: Unsupported property definition '--add-opens=java.base/sun.nio.ch=ALL-UNNAMED'. Expected format 'key=value' @ http://localhost:8000/starsector.html:39:23
[2026-01-14T19:18:51.680Z] console.log: Unsupported property definition '--add-opens=java.base/java.nio=ALL-UNNAMED'. Expected format 'key=value' @ http://localhost:8000/starsector.html:39:23
[2026-01-14T19:18:51.680Z] console.log: Unsupported property definition '--add-opens=java.base/java.nio.Buffer.UNSAFE=ALL-UNNAMED'. Expected format 'key=value' @ http://localhost:8000/starsector.html:39:23
[2026-01-14T19:18:51.680Z] console.log: Unsupported property definition '--add-opens=java.base/java.util=ALL-UNNAMED'. Expected format 'key=value' @ http://localhost:8000/starsector.html:39:23
[2026-01-14T19:18:51.680Z] console.log: Unsupported property definition '--add-opens=java.base/java.util.concurrent=ALL-UNNAMED'. Expected format 'key=value' @ http://localhost:8000/starsector.html:39:23
[2026-01-14T19:18:51.680Z] console.log: Unsupported property definition '--add-opens=java.base/java.util.concurrent.locks=ALL-UNNAMED'. Expected format 'key=value' @ http://localhost:8000/starsector.html:39:23
[2026-01-14T19:18:51.681Z] console.log: Unsupported property definition '--add-opens=java.base/jdk.internal.ref=ALL-UNNAMED'. Expected format 'key=value' @ http://localhost:8000/starsector.html:39:23
[2026-01-14T19:18:51.681Z] console.log: Unsupported property definition '--add-opens=java.base/java.lang.reflect=ALL-UNNAMED'. Expected format 'key=value' @ http://localhost:8000/starsector.html:39:23
[2026-01-14T19:18:51.681Z] console.log: Unsupported property definition '--add-opens=java.base/java.lang.ref=ALL-UNNAMED'. Expected format 'key=value' @ http://localhost:8000/starsector.html:39:23
[2026-01-14T19:18:51.681Z] console.log: Unsupported property definition '--add-opens=java.base/java.text=ALL-UNNAMED'. Expected format 'key=value' @ http://localhost:8000/starsector.html:39:23
[2026-01-14T19:18:51.681Z] console.log: Unsupported property definition '--add-opens=java.desktop/java.awt.font=ALL-UNNAMED'. Expected format 'key=value' @ http://localhost:8000/starsector.html:39:23
[2026-01-14T19:18:51.681Z] console.log: Unsupported property definition '--add-opens=java.desktop/java.awt.Rectangle=ALL-UNNAMED'. Expected format 'key=value' @ http://localhost:8000/starsector.html:39:23
[2026-01-14T19:18:51.682Z] console.log: Unsupported property definition '--add-opens=java.desktop/java.awt=ALL-UNNAMED'. Expected format 'key=value' @ http://localhost:8000/starsector.html:39:23
[2026-01-14T19:18:51.682Z] console.log: Unsupported property definition '--add-exports=java.base/jdk.internal.ref=ALL-UNNAMED'. Expected format 'key=value' @ http://localhost:8000/starsector.html:39:23
[2026-01-14T19:18:51.682Z] console.log: Unsupported property definition '--add-exports=java.base/jdk.internal.misc=ALL-UNNAMED'. Expected format 'key=value' @ http://localhost:8000/starsector.html:39:23
[2026-01-14T19:18:51.682Z] console.log: Unsupported property definition '--add-exports=java.base/sun.nio.ch=ALL-UNNAMED'. Expected format 'key=value' @ http://localhost:8000/starsector.html:39:23
[2026-01-14T19:18:51.726Z] requestfailed: GET https://cjrtnc.leaningtech.com/4.2/c.html net::ERR_BLOCKED_BY_RESPONSE
[2026-01-14T19:18:51.863Z] console.log: CheerpJ 4.2 initialized. @ http://localhost:8000/starsector.html:39:23
[2026-01-14T19:18:51.864Z] console.log: [Interop] TEST: Executing org.lwjgl.Version... @ http://localhost:8000/starsector.html:39:23
[2026-01-14T19:18:54.835Z] console.log: [DEBUG] Registered Sys/Time Natives: [Java_org_lwjgl_DefaultSysImplementation_getPointerSize, Java_org_lwjgl_DefaultSysImplementation_getJNIVersion, Java_org_lwjgl_DefaultSysImplementation_setDebug, Java_org_lwjgl_DefaultSysImplementation_getTimerResolution, Java_org_lwjgl_DefaultSysImplementation_getTime, Java_org_lwjgl_LinuxSysImplementation_nGetTime, Java_org_lwjgl_LinuxSysImplementation_getTimerResolution, Java_org_lwjgl_opengl_LinuxSysImplementation_nGetTime, Java_java_lang_System_currentTimeMillis, Java_java_lang_System_nanoTime, Java_org_lwjgl_Sys_alert] @ http://localhost:8000/starsector.html:39:23
[2026-01-14T19:19:49.838Z] ui: {"loading_hidden":true,"loading_status":"Starsector Running...","loading_substatus":"Downloading WebAssembly runtime with Java 17 + LWJGL support","top_bar_visible":true,"error_visible":false,"error_message":"An error occurred while starting Starsector.","error_details":""}
[2026-01-14T19:19:49.850Z] dom: {"canvasCount":1,"canvases":[{"tag":"CANVAS","id":"lwjgl","className":"","width":1280,"height":768,"clientWidth":1280,"clientHeight":768,"styleWidth":"1280px","styleHeight":"768px","rect":{"x":5,"y":5,"width":1280,"height":768},"gl":{"isContextLost":false,"version":"WebGL 2.0 (OpenGL ES 3.0 Chromium)","renderer":"WebKit WebGL","vendor":"WebKit"}}],"gameContainerRect":{"x":5,"y":5,"width":1280,"height":768},"lwjglCanvasElementPresent":true,"lwjglCanvasElementRect":{"x":5,"y":5,"width":1280,"height":768},"lwjglFrameCount":0,"lwjglFrameLimit":0,"lwjglFbWidth":1000,"lwjglFbHeight":500}
[2026-01-14T19:19:49.853Z] lwjgl: {"present":true,"totalUnique":0,"totalCalls":0,"top":[],"important":{}}
[2026-01-14T19:19:49.940Z] page: screenshot_copied C:\Users\adyba\adriano-to-the-star-clean\playwright-artifacts\starsector-final.png
[2026-01-14T19:19:49.943Z] page: screenshot_saved C:\Users\adyba\adriano-to-the-star-clean\test-results\starsector-console-Starsec-9f8d3-ures-console-logs-to-a-file\starsector-final.png
[2026-01-14T19:19:49.943Z] summary: saw_missing_import_pipe2=false saw_cj3_shim_pipe2=false requests_to_8100=0 final_url=http://localhost:8000/starsector.html final_origin=http://localhost:8000 expected_origin=http://localhost:8000
